[bestwpware.com/html/tf/digiv/index.html]
[backblue.gif]
[fade.gif]
[index.html]
[cdn.jsdelivr.net/npm/bootstrap-icons@1.11.1/font/bootstrap-icons.css]
[bestwpware.com/html/tf/digiv/assets/css/slick.css]
[bestwpware.com/html/tf/digiv/assets/css/slick-theme.css]
[bestwpware.com/html/tf/digiv/assets/css/aos.css]
[bestwpware.com/html/tf/digiv/assets/css/magnific-popup.css]
[bestwpware.com/html/tf/digiv/assets/bootstrap/bootstrap.min.css]
[bestwpware.com/html/tf/digiv/assets/css/main.css]
[bestwpware.com/html/tf/digiv/assets/img/logo.svg]
[bestwpware.com/html/tf/digiv/index2.html]
[bestwpware.com/html/tf/digiv/about.html]
[bestwpware.com/html/tf/digiv/services.html]
[bestwpware.com/html/tf/digiv/service_details.html]
[bestwpware.com/html/tf/digiv/faq.html]
[bestwpware.com/html/tf/digiv/pricing.html]
[bestwpware.com/html/tf/digiv/projects.html]
[bestwpware.com/html/tf/digiv/project_details.html]
[bestwpware.com/html/tf/digiv/blog.html]
[bestwpware.com/html/tf/digiv/blog_details.html]
[bestwpware.com/html/tf/digiv/contact.html]
[bestwpware.com/html/tf/digiv/assets/img/banner/Shape.svg]
[bestwpware.com/html/tf/digiv/assets/img/banner/Video.svg]
[bestwpware.com/html/tf/digiv/assets/img/banner/Rectangle96.png]
[bestwpware.com/html/tf/digiv/assets/img/about/Rectangle105.png]
[bestwpware.com/html/tf/digiv/assets/img/about/Frame_12.svg]
[bestwpware.com/html/tf/digiv/assets/img/about/Frame_13.svg]
[bestwpware.com/html/tf/digiv/assets/img/about/Frame_14.svg]
[bestwpware.com/html/tf/digiv/assets/img/about/Frame_15.svg]
[bestwpware.com/html/tf/digiv/assets/img/about/Frame_16.svg]
[bestwpware.com/html/tf/digiv/assets/img/projects/11.png]
[bestwpware.com/html/tf/digiv/assets/img/projects/10.png]
[bestwpware.com/html/tf/digiv/assets/img/projects/8.png]
[bestwpware.com/html/tf/digiv/assets/img/projects/9.png]
[bestwpware.com/html/tf/digiv/assets/img/projects/12.png]
[bestwpware.com/html/tf/digiv/assets/img/testimonail/Rectangle1.png]
[bestwpware.com/html/tf/digiv/assets/img/testimonail/quotes1.svg]
[bestwpware.com/html/tf/digiv/assets/img/testimonail/Rectangle2.png]
[bestwpware.com/html/tf/digiv/assets/img/testimonail/Frame_20.svg]
[bestwpware.com/html/tf/digiv/assets/img/blogs/Rectangle9.png]
[bestwpware.com/html/tf/digiv/assets/img/blogs/Frame3.svg]
[bestwpware.com/html/tf/digiv/assets/img/blogs/Frame4.svg]
[bestwpware.com/html/tf/digiv/assets/img/blogs/Rectangle99.png]
[bestwpware.com/html/tf/digiv/assets/img/blogs/Rectangle992.png]
[bestwpware.com/html/tf/digiv/assets/img/logo_white.svg]
[bestwpware.com/html/tf/digiv/assets/icons/Frame5.svg]
[bestwpware.com/html/tf/digiv/assets/icons/Frame6.svg]
[bestwpware.com/html/tf/digiv/assets/icons/Frame7.svg]
[bestwpware.com/html/tf/digiv/assets/js/jquery-1.12.4.min.js]
[bestwpware.com/html/tf/digiv/assets/bootstrap/bootstrap.min.js]
[bestwpware.com/html/tf/digiv/assets/js/slick.min.js]
[bestwpware.com/html/tf/digiv/assets/js/aos.js]
[kit.fontawesome.com/1cbbb02fe6.js]
[bestwpware.com/html/tf/digiv/assets/js/jquery.magnific-popup.min.js]
[bestwpware.com/html/tf/digiv/assets/js/scrolltopcontrol.js]
[bestwpware.com/html/tf/digiv/index.html]
[bestwpware.com/html/tf/digiv/assets/js/main.js]
[cdn.jsdelivr.net/npm/bootstrap-icons@1.11.1/font/fonts/bootstrap-iconsafdf.woff2]
[cdn.jsdelivr.net/npm/bootstrap-icons@1.11.1/font/fonts/bootstrap-iconsafdf.woff]
[cdn.jsdelivr.net/npm/bootstrap-icons@1.11.1/font/bootstrap-icons.css]
[bestwpware.com/html/tf/digiv/assets/css/slick.css]
[bestwpware.com/html/tf/digiv/assets/css/ajax-loader.gif]
[bestwpware.com/html/tf/digiv/assets/css/slick-theme.css]
[bestwpware.com/html/tf/digiv/assets/css/aos.css]
[bestwpware.com/html/tf/digiv/assets/css/magnific-popup.css]
[bestwpware.com/html/tf/digiv/assets/bootstrap/bootstrap.min.css]
[bestwpware.com/html/tf/digiv/assets/img/banner/OBJECTS.png]
[bestwpware.com/html/tf/digiv/assets/css/main.css]
[bestwpware.com/html/tf/digiv/assets/img/logo.svg]
[bestwpware.com/html/tf/digiv/assets/img/about/OBJECTS1.png]
[bestwpware.com/html/tf/digiv/assets/img/about/Frame_13_1.svg]
[bestwpware.com/html/tf/digiv/assets/img/about/Frame_14_1.svg]
[bestwpware.com/html/tf/digiv/assets/img/about/Frame_15_1.svg]
[bestwpware.com/html/tf/digiv/assets/img/about/Frame_16_1.svg]
[bestwpware.com/html/tf/digiv/assets/img/services/abstract-shape_1.svg]
[bestwpware.com/html/tf/digiv/assets/img/services/x_2.svg]
[bestwpware.com/html/tf/digiv/assets/img/services/cubes_1.svg]
[bestwpware.com/html/tf/digiv/assets/img/projects/7.png]
[bestwpware.com/html/tf/digiv/assets/img/projects/5.png]
[bestwpware.com/html/tf/digiv/assets/img/projects/6.png]
[bestwpware.com/html/tf/digiv/assets/img/projects/Frame.png]
[bestwpware.com/html/tf/digiv/assets/img/testimonail/Group.png]
[bestwpware.com/html/tf/digiv/assets/img/testimonail/quotes2.svg]
[bestwpware.com/html/tf/digiv/assets/icons/user-black.svg]
[bestwpware.com/html/tf/digiv/assets/icons/comments-black.svg]
[bestwpware.com/html/tf/digiv/index2.html]
[bestwpware.com/html/tf/digiv/assets/img/pageHeader/Group_78_3.svg]
[bestwpware.com/html/tf/digiv/assets/img/pageHeader/Group727.svg]
[bestwpware.com/html/tf/digiv/assets/img/pageHeader/Group726.png]
[bestwpware.com/html/tf/digiv/about.html]
[bestwpware.com/html/tf/digiv/services.html]
[bestwpware.com/html/tf/digiv/service_details.html]
[bestwpware.com/html/tf/digiv/faq.html]
[bestwpware.com/html/tf/digiv/pricing.html]
[bestwpware.com/html/tf/digiv/projects.html]
[bestwpware.com/html/tf/digiv/project_details.html]
[bestwpware.com/html/tf/digiv/blog.html]
[bestwpware.com/html/tf/digiv/blog_details.html]
[bestwpware.com/html/tf/digiv/contact.html]
[bestwpware.com/html/tf/digiv/assets/icons/arrow-up-right.svg]
[bestwpware.com/html/tf/digiv/assets/icons/arrow-up-right-yellow.svg]
[bestwpware.com/html/tf/digiv/assets/img/banner/Shape.svg]
[bestwpware.com/html/tf/digiv/assets/img/banner/Video.svg]
[bestwpware.com/html/tf/digiv/assets/icons/arrow-up-rignt-black.svg]
[bestwpware.com/html/tf/digiv/assets/icons/checkmark.svg]
[bestwpware.com/html/tf/digiv/assets/img/about/Frame_12.svg]
[bestwpware.com/html/tf/digiv/assets/img/about/Frame_13.svg]
[bestwpware.com/html/tf/digiv/assets/img/about/Frame_14.svg]
[bestwpware.com/html/tf/digiv/assets/img/about/Frame_15.svg]
[bestwpware.com/html/tf/digiv/assets/img/about/Frame_16.svg]
[bestwpware.com/html/tf/digiv/assets/img/testimonail/quotes1.svg]
[bestwpware.com/html/tf/digiv/assets/img/testimonail/Frame_20.svg]
[bestwpware.com/html/tf/digiv/assets/img/blogs/Frame3.svg]
[bestwpware.com/html/tf/digiv/assets/img/blogs/Frame4.svg]
[bestwpware.com/html/tf/digiv/assets/img/logo_white.svg]
[bestwpware.com/html/tf/digiv/assets/icons/Frame5.svg]
[bestwpware.com/html/tf/digiv/assets/icons/Frame6.svg]
[bestwpware.com/html/tf/digiv/assets/icons/Frame7.svg]
[bestwpware.com/html/tf/digiv/assets/js/jquery-1.12.4.min.js]
[bestwpware.com/html/tf/digiv/assets/bootstrap/bootstrap.min.js]
[bestwpware.com/html/tf/digiv/assets/js/slick.min.js]
[bestwpware.com/html/tf/digiv/assets/js/aos.js]
[bestwpware.com/html/tf/digiv/assets/js/jquery.magnific-popup.min.js]
[bestwpware.com/html/tf/digiv/assets/js/scrolltopcontrol.js]
[bestwpware.com/html/tf/digiv/assets/js/main.js]
[bestwpware.com/html/tf/digiv/assets/css/ajax-loader.html]
[bestwpware.com/html/tf/digiv/assets/img/about/Frame_13_1.svg]
[bestwpware.com/html/tf/digiv/assets/img/about/Frame_14_1.svg]
[bestwpware.com/html/tf/digiv/assets/img/about/Frame_15_1.svg]
[bestwpware.com/html/tf/digiv/assets/img/about/Frame_16_1.svg]
[bestwpware.com/html/tf/digiv/assets/img/services/abstract-shape_1.svg]
[bestwpware.com/html/tf/digiv/assets/img/services/x_2.svg]
[bestwpware.com/html/tf/digiv/assets/img/services/cubes_1.svg]
[bestwpware.com/html/tf/digiv/assets/img/testimonail/quotes2.svg]
[bestwpware.com/html/tf/digiv/assets/icons/user-black.svg]
[bestwpware.com/html/tf/digiv/assets/icons/comments-black.svg]
[bestwpware.com/html/tf/digiv/assets/img/pageHeader/Group_78_3.svg]
[bestwpware.com/html/tf/digiv/assets/img/pageHeader/Group727.svg]
[bestwpware.com/html/tf/digiv/assets/img/about/Frame_15.html]
[bestwpware.com/html/tf/digiv/assets/img/about/Frame_16.html]
[bestwpware.com/html/tf/digiv/assets/img/testimonail/quotes 2.html]
[bestwpware.com/html/tf/digiv/assets/img/services/Frame_17.html]
[bestwpware.com/html/tf/digiv/assets/img/services/abstract-shape3.html]
[bestwpware.com/html/tf/digiv/assets/img/services/abstract-shape1.html]
[bestwpware.com/html/tf/digiv/assets/img/services/service.html]
[bestwpware.com/html/tf/digiv/assets/img/projects/4.html]
[bestwpware.com/html/tf/digiv/assets/img/about/Frame_13.html]
[bestwpware.com/html/tf/digiv/assets/img/about/Frame_14.html]
[bestwpware.com/html/tf/digiv/assets/img/projects/2.html]
[bestwpware.com/html/tf/digiv/assets/img/projects/3.html]
[bestwpware.com/html/tf/digiv/assets/icons/clender.html]
[bestwpware.com/html/tf/digiv/assets/icons/Frame_20.html]
[bestwpware.com/html/tf/digiv/assets/img/blogs/comment1.html]
[bestwpware.com/html/tf/digiv/assets/img/blogs/comment2.html]
[bestwpware.com/html/tf/digiv/assets/icons/location.html]
[bestwpware.com/html/tf/digiv/assets/icons/phone.html]
[bestwpware.com/html/tf/digiv/assets/icons/email1.html]
[bestwpware.com/html/tf/digiv/dist/index.html]
